{
    "assets": [
       
    ],
    "descriptions": [
        
    ],
    "total_inventory_count": 272,
    "success": 1,
    "rwgrsn": -2
}